// Jest Snapshot v1, https://goo.gl/fbAQLP

exports[`Test for the component <HookApp /> should rendar and match with the snapshot 1`] = `
<div>
  HookApp
</div>
`;
